SELECT
SELECT
SELECT
GRANT
REVOKE
SELECT
SELECT
SELECT
SELECT
SELECT
SELECT
SELECT
SELECT
SELECT
SELECT
SELECT
SELECT
SELECT
SELECT
SELECT
SELECT
SELECT
SELECT
SELECT
SELECT
SELECT
SELECT
SELECT
SELECT
SELECT
SELECT
SELECT
SELECT
SELECT
SELECT
SELECT
SELECT
SELECT
SELECT
SELECT
SELECT
SELECT
SELECT
SELECT
SELECT
SELECT
SELECT
SELECT
SELECT
SELECT
SELECT
SELECT
SELECT
SELECT
DELETE
DELETE
DELETE
DELETE
DELETE
UPDATE
UPDATE
UPDATE
UPDATE
INSERT
INSERT
INSERT
INSERT
REPLACE
REPLACE
REPLACE
REPLACE
SELECT
SELECT
SELECT
SELECT
SELECT
SELECT
SELECT
SELECT
SELECT
SELECT
SELECT
SELECT
ALTER
ALTER
ALTER
SELECT
CREATE
SELECT
ALTER
SELECT
SELECT
