[]ast.Token{
    {Type:57348, Val:"select", i:0},
    {Type:57407, Val:"-- comment 1", i:0},
}
[]ast.Token{
    {Type:57348, Val:"select", i:0},
    {Type:57397, Val:"c1", i:0},
    {Type:44, Val:",", i:0},
    {Type:57397, Val:"c2", i:0},
    {Type:44, Val:",", i:0},
    {Type:57397, Val:"c3", i:0},
    {Type:57353, Val:"from", i:0},
    {Type:57397, Val:"t1", i:0},
    {Type:44, Val:",", i:0},
    {Type:57397, Val:"t2", i:0},
    {Type:57385, Val:"join", i:0},
    {Type:57397, Val:"t3", i:0},
    {Type:57395, Val:"on", i:0},
    {Type:57397, Val:"t1", i:0},
    {Type:46, Val:".", i:0},
    {Type:57397, Val:"c1", i:0},
    {Type:61, Val:"=", i:0},
    {Type:57397, Val:"t2", i:0},
    {Type:46, Val:".", i:0},
    {Type:57397, Val:"c1", i:0},
    {Type:57415, Val:"and", i:0},
    {Type:57397, Val:"t1", i:0},
    {Type:46, Val:".", i:0},
    {Type:57397, Val:"c3", i:0},
    {Type:61, Val:"=", i:0},
    {Type:57397, Val:"t3", i:0},
    {Type:46, Val:".", i:0},
    {Type:57397, Val:"c1", i:0},
    {Type:57354, Val:"where", i:0},
    {Type:57397, Val:"id", i:0},
    {Type:62, Val:">", i:0},
    {Type:57402, Val:"1000", i:0},
}
[]ast.Token{
    {Type:57348, Val:"select", i:0},
    {Type:57397, Val:"sourcetable", i:0},
    {Type:44, Val:",", i:0},
    {Type:57456, Val:"if", i:0},
    {Type:40, Val:"(", i:0},
    {Type:57397, Val:"f", i:0},
    {Type:46, Val:".", i:0},
    {Type:57397, Val:"lastcontent", i:0},
    {Type:61, Val:"=", i:0},
    {Type:57405, Val:":v1", i:0},
    {Type:44, Val:",", i:0},
    {Type:57397, Val:"f", i:0},
    {Type:46, Val:".", i:0},
    {Type:57397, Val:"lastupdate", i:0},
    {Type:44, Val:",", i:0},
    {Type:57397, Val:"f", i:0},
    {Type:46, Val:".", i:0},
    {Type:57397, Val:"lastcontent", i:0},
    {Type:41, Val:")", i:0},
    {Type:57364, Val:"as", i:0},
    {Type:57397, Val:"lastactivity", i:0},
    {Type:44, Val:",", i:0},
    {Type:57397, Val:"f", i:0},
    {Type:46, Val:".", i:0},
    {Type:57397, Val:"totalcount", i:0},
    {Type:57364, Val:"as", i:0},
    {Type:57397, Val:"activity", i:0},
    {Type:44, Val:",", i:0},
    {Type:57397, Val:"type", i:0},
    {Type:46, Val:".", i:0},
    {Type:57397, Val:"class", i:0},
    {Type:57364, Val:"as", i:0},
    {Type:57397, Val:"type", i:0},
    {Type:44, Val:",", i:0},
    {Type:40, Val:"(", i:0},
    {Type:57397, Val:"f", i:0},
    {Type:46, Val:".", i:0},
    {Type:57397, Val:"nodeoptions", i:0},
    {Type:38, Val:"&", i:0},
    {Type:57405, Val:":v2", i:0},
    {Type:41, Val:")", i:0},
    {Type:57364, Val:"as", i:0},
    {Type:57397, Val:"nounsubscribe", i:0},
    {Type:57353, Val:"from", i:0},
    {Type:57397, Val:"node", i:0},
    {Type:57364, Val:"as", i:0},
    {Type:57397, Val:"f", i:0},
    {Type:57389, Val:"inner", i:0},
    {Type:57385, Val:"join", i:0},
    {Type:57397, Val:"contenttype", i:0},
    {Type:57364, Val:"as", i:0},
    {Type:57397, Val:"type", i:0},
    {Type:57395, Val:"on", i:0},
    {Type:57397, Val:"type", i:0},
    {Type:46, Val:".", i:0},
    {Type:57397, Val:"contenttypeid", i:0},
    {Type:61, Val:"=", i:0},
    {Type:57397, Val:"f", i:0},
    {Type:46, Val:".", i:0},
    {Type:57397, Val:"contenttypeid", i:0},
    {Type:57389, Val:"inner", i:0},
    {Type:57385, Val:"join", i:0},
    {Type:57397, Val:"subscribed", i:0},
    {Type:57364, Val:"as", i:0},
    {Type:57397, Val:"sd", i:0},
    {Type:57395, Val:"on", i:0},
    {Type:57397, Val:"sd", i:0},
    {Type:46, Val:".", i:0},
    {Type:57397, Val:"did", i:0},
    {Type:61, Val:"=", i:0},
    {Type:57397, Val:"f", i:0},
    {Type:46, Val:".", i:0},
    {Type:57397, Val:"nodeid", i:0},
    {Type:57415, Val:"and", i:0},
    {Type:57397, Val:"sd", i:0},
    {Type:46, Val:".", i:0},
    {Type:57397, Val:"userid", i:0},
    {Type:61, Val:"=", i:0},
    {Type:57405, Val:":v3", i:0},
    {Type:57347, Val:"union", i:0},
    {Type:57362, Val:"all", i:0},
    {Type:57348, Val:"select", i:0},
    {Type:57397, Val:"f", i:0},
    {Type:46, Val:".", i:0},
    {Type:57397, Val:"name", i:0},
    {Type:57364, Val:"as", i:0},
    {Type:57397, Val:"title", i:0},
    {Type:44, Val:",", i:0},
    {Type:57397, Val:"f", i:0},
    {Type:46, Val:".", i:0},
    {Type:57397, Val:"userid", i:0},
    {Type:57364, Val:"as", i:0},
    {Type:57397, Val:"keyval", i:0},
    {Type:44, Val:",", i:0},
    {Type:57405, Val:":v4", i:0},
    {Type:57364, Val:"as", i:0},
    {Type:57397, Val:"sourcetable", i:0},
    {Type:44, Val:",", i:0},
    {Type:57397, Val:"ifnull", i:0},
    {Type:40, Val:"(", i:0},
    {Type:57397, Val:"f", i:0},
    {Type:46, Val:".", i:0},
    {Type:57397, Val:"lastpost", i:0},
    {Type:44, Val:",", i:0},
    {Type:57397, Val:"f", i:0},
    {Type:46, Val:".", i:0},
    {Type:57397, Val:"joindate", i:0},
    {Type:41, Val:")", i:0},
    {Type:57364, Val:"as", i:0},
    {Type:57397, Val:"lastactivity", i:0},
    {Type:44, Val:",", i:0},
    {Type:57397, Val:"f", i:0},
    {Type:46, Val:".", i:0},
    {Type:57397, Val:"posts", i:0},
    {Type:57364, Val:"as", i:0},
    {Type:57397, Val:"activity", i:0},
    {Type:44, Val:",", i:0},
    {Type:57405, Val:":v5", i:0},
    {Type:57364, Val:"as", i:0},
    {Type:57397, Val:"type", i:0},
    {Type:44, Val:",", i:0},
    {Type:57405, Val:":v6", i:0},
    {Type:57364, Val:"as", i:0},
    {Type:57397, Val:"nounsubscribe", i:0},
    {Type:57353, Val:"from", i:0},
    {Type:57397, Val:"user", i:0},
    {Type:57364, Val:"as", i:0},
    {Type:57397, Val:"f", i:0},
    {Type:57389, Val:"inner", i:0},
    {Type:57385, Val:"join", i:0},
    {Type:57397, Val:"userlist", i:0},
    {Type:57364, Val:"as", i:0},
    {Type:57397, Val:"ul", i:0},
    {Type:57395, Val:"on", i:0},
    {Type:57397, Val:"ul", i:0},
    {Type:46, Val:".", i:0},
    {Type:57397, Val:"relationid", i:0},
    {Type:61, Val:"=", i:0},
    {Type:57397, Val:"f", i:0},
    {Type:46, Val:".", i:0},
    {Type:57397, Val:"userid", i:0},
    {Type:57415, Val:"and", i:0},
    {Type:57397, Val:"ul", i:0},
    {Type:46, Val:".", i:0},
    {Type:57397, Val:"userid", i:0},
    {Type:61, Val:"=", i:0},
    {Type:57405, Val:":v7", i:0},
    {Type:57354, Val:"where", i:0},
    {Type:57397, Val:"ul", i:0},
    {Type:46, Val:".", i:0},
    {Type:57397, Val:"type", i:0},
    {Type:61, Val:"=", i:0},
    {Type:57405, Val:":v8", i:0},
    {Type:57415, Val:"and", i:0},
    {Type:57397, Val:"ul", i:0},
    {Type:46, Val:".", i:0},
    {Type:57397, Val:"aq", i:0},
    {Type:61, Val:"=", i:0},
    {Type:57405, Val:":v9", i:0},
    {Type:57357, Val:"order", i:0},
    {Type:57358, Val:"by", i:0},
    {Type:57397, Val:"title", i:0},
    {Type:57359, Val:"limit", i:0},
    {Type:57405, Val:":v10", i:0},
}
[]ast.Token{
    {Type:57348, Val:"select", i:0},
    {Type:57397, Val:"c1", i:0},
    {Type:57353, Val:"from", i:0},
    {Type:57397, Val:"t1", i:0},
    {Type:57354, Val:"where", i:0},
    {Type:57397, Val:"id", i:0},
    {Type:57424, Val:">=", i:0},
    {Type:57402, Val:"1000", i:0},
}
[]ast.Token{
    {Type:57348, Val:"select", i:0},
    {Type:57593, Val:"SQL_CALC_FOUND_ROWS", i:0},
    {Type:57397, Val:"col", i:0},
    {Type:57353, Val:"from", i:0},
    {Type:57397, Val:"tbl", i:0},
    {Type:57354, Val:"where", i:0},
    {Type:57397, Val:"id", i:0},
    {Type:62, Val:">", i:0},
    {Type:57402, Val:"1000", i:0},
}
[]ast.Token{
    {Type:57348, Val:"SELECT", i:0},
    {Type:42, Val:"*", i:0},
    {Type:57353, Val:"FROM", i:0},
    {Type:57397, Val:"tb", i:0},
    {Type:57354, Val:"WHERE", i:0},
    {Type:57397, Val:"id", i:0},
    {Type:61, Val:"=", i:0},
    {Type:57405, Val:":v1", i:0},
    {Type:59, Val:";", i:0},
}
[]ast.Token{
    {Type:57348, Val:"SELECT", i:0},
    {Type:42, Val:"*", i:0},
    {Type:57353, Val:"FROM", i:0},
    {Type:57397, Val:"tb", i:0},
    {Type:57354, Val:"WHERE", i:0},
    {Type:57397, Val:"id", i:0},
    {Type:57427, Val:"is", i:0},
    {Type:57410, Val:"null", i:0},
    {Type:59, Val:";", i:0},
}
[]ast.Token{
    {Type:57348, Val:"SELECT", i:0},
    {Type:42, Val:"*", i:0},
    {Type:57353, Val:"FROM", i:0},
    {Type:57397, Val:"tb", i:0},
    {Type:57354, Val:"WHERE", i:0},
    {Type:57397, Val:"id", i:0},
    {Type:57427, Val:"is", i:0},
    {Type:57416, Val:"not", i:0},
    {Type:57410, Val:"null", i:0},
    {Type:59, Val:";", i:0},
}
[]ast.Token{
    {Type:57348, Val:"SELECT", i:0},
    {Type:42, Val:"*", i:0},
    {Type:57353, Val:"FROM", i:0},
    {Type:57397, Val:"tb", i:0},
    {Type:57354, Val:"WHERE", i:0},
    {Type:57397, Val:"id", i:0},
    {Type:57417, Val:"between", i:0},
    {Type:57402, Val:"1", i:0},
    {Type:57415, Val:"and", i:0},
    {Type:57402, Val:"3", i:0},
    {Type:59, Val:";", i:0},
}
[]ast.Token{
    {Type:57444, Val:"alter", i:0},
    {Type:57451, Val:"table", i:0},
    {Type:57397, Val:"inventory", i:0},
    {Type:57448, Val:"add", i:0},
    {Type:57452, Val:"index", i:0},
    {Type:57397, Val:"idx_store_film", i:0},
    {Type:57397, Val:" (", i:0},
    {Type:57397, Val:"store_id", i:0},
    {Type:57397, Val:",", i:0},
    {Type:57397, Val:"film_id", i:0},
    {Type:57346, Val:");", i:0},
}
[]ast.Token{
    {Type:57351, Val:"UPDATE", i:0},
    {Type:57397, Val:"xxx", i:0},
    {Type:57372, Val:"SET", i:0},
    {Type:57397, Val:"c1", i:0},
    {Type:61, Val:"=", i:0},
    {Type:57401, Val:" LOGGER.error(\"\"); }", i:0},
    {Type:57354, Val:"WHERE", i:0},
    {Type:57397, Val:"id", i:0},
    {Type:61, Val:"=", i:0},
    {Type:57402, Val:"2", i:0},
    {Type:59, Val:";", i:0},
}
[]ast.Token{
    {Type:57351, Val:"update", i:0},
    {Type:57346, Val:"\xc2", i:0},
    {Type:57346, Val:"\xa0", i:0},
    {Type:57397, Val:"tb", i:0},
    {Type:57372, Val:"set", i:0},
    {Type:57346, Val:"\xc2", i:0},
    {Type:57346, Val:"\xa0", i:0},
    {Type:57488, Val:"status", i:0},
    {Type:57346, Val:"\xc2", i:0},
    {Type:57346, Val:"\xa0", i:0},
    {Type:61, Val:"=", i:0},
    {Type:57346, Val:"\xc2", i:0},
    {Type:57346, Val:"\xa0", i:0},
    {Type:57402, Val:"1", i:0},
    {Type:57354, Val:"where", i:0},
    {Type:57346, Val:"\xc2", i:0},
    {Type:57346, Val:"\xa0", i:0},
    {Type:57397, Val:"id", i:0},
    {Type:57346, Val:"\xc2", i:0},
    {Type:57346, Val:"\xa0", i:0},
    {Type:61, Val:"=", i:0},
    {Type:57346, Val:"\xc2", i:0},
    {Type:57346, Val:"\xa0", i:0},
    {Type:57402, Val:"1", i:0},
    {Type:59, Val:";", i:0},
}
