{
  "084DA3E3EE38DD85": [
    "`unknown`.tb`"
  ],
  "08CFE41C7D20AAC8": [
    "`unknown`.`city`",
    "`unknown`.`country`"
  ],
  "0BE2D79E2F1E7CB0": [
    "`unknown`.`film`"
  ],
  "0D0DABACEDFF5765": [
    "`unknown`.`city`",
    "`unknown`.`country`"
  ],
  "105C870D5DFB6710": [
    "`unknown`.`film`"
  ],
  "11EC7AAACC97DC0F": [
    "`unknown`.`city`"
  ],
  "12FF1DAA3D425FA9": [
    "`unknown`.`film`"
  ],
  "16C2B14E7DAA9906": [
    "`unknown`.`film`",
    "`unknown`.`language`"
  ],
  "16CB4628D2597D40": [
    "`unknown`.`city`",
    "`unknown`.`country`"
  ],
  "17D5BCF21DC2364C": [
    "`unknown`.`city`",
    "`unknown`.`country`"
  ],
  "18A2AD1395A58EAE": [
    "`unknown`.`film`"
  ],
  "1A53649C43122975": [
    "`unknown`.`city`",
    "`unknown`.`country`"
  ],
  "1E2CF4145EE706A5": [
    "`unknown`.`film`"
  ],
  "1E56C6CCEA2131CC": [
    "`unknown`.`city`",
    "`unknown`.`country`"
  ],
  "1E8B70E30062FD13": [
    "`unknown`.`address`",
    "`unknown`.`customer`"
  ],
  "1ED2B7ECBA4215E1": [
    "`unknown`.`film`"
  ],
  "23D176AEA2947002": [
    "`unknown`.`film`"
  ],
  "255BAC03F56CDBC7": [
    "`unknown`.address`"
  ],
  "291F95B7DCB74C21": [
    "`unknown`.`tb`"
  ],
  "2BA1217F6C8CF0AB": [
    "`unknown`.`address`"
  ],
  "2EAACFD7030EA528": [
    "`unknown`.`film`"
  ],
  "2F7439623B712317": [
    "`unknown`.`city`"
  ],
  "3656B13CC4F888E2": [
    "`unknown`.`city`",
    "`unknown`.`country`"
  ],
  "3FF20E28EC9CBEF9": [
    "`unknown`.`city`",
    "`unknown`.`country`"
  ],
  "466F1AC2F5851149": [
    "`unknown`.`city`"
  ],
  "47044E1FE1A965A5": [
    "`unknown`.`film`"
  ],
  "485D56FC88BBBDB9": [
    "`unknown`.`city`",
    "`unknown`.`country`"
  ],
  "4A39009B402BAD9B": [
    "`unknown`.`film`"
  ],
  "4E73AA068370E6A8": [
    "`unknown`.`film`"
  ],
  "4ECCA9568BE69E68": [
    "`unknown`.`city`",
    "`unknown`.`country`"
  ],
  "50F2AB4243CE2071": [
    "`sakila`.`address`",
    "`sakila`.`city`"
  ],
  "584CCEC8069B6947": [
    "`unknown`.`city`",
    "`unknown`.`country`"
  ],
  "5C547F08EADBB131": [
    "`unknown`.`city`",
    "`unknown`.`country`"
  ],
  "5CE2F187DBF2A710": [
    "`unknown`.`film`"
  ],
  "60F234BA33AAC132": [
    "`unknown`.`film`"
  ],
  "626571EAE84E2C8A": [
    "`unknown`.`city`",
    "`unknown`.`country`"
  ],
  "68E48001ECD53152": [
    "`unknown`.`film`"
  ],
  "6A0F035BD4E01018": [
    "`unknown`.`film`"
  ],
  "6E9B96CA3F0E6BDA": [
    "`unknown`.`film`"
  ],
  "707FE669669FA075": [
    "`unknown`.`film`"
  ],
  "73DDF6E6D9E40384": [
    "`unknown`.`film`"
  ],
  "7598A4EDE6CFA6BE": [
    "`unknown`.`city`",
    "`unknown`.`country`"
  ],
  "7F02E23D44A38A6D": [
    "`unknown`.`city`",
    "`unknown`.`country`"
  ],
  "863A85207E4F410D": [
    "`unknown`.`film`"
  ],
  "868317D1973FD1B0": [
    "`unknown`.`film`"
  ],
  "8A106444D14B9880": [
    "`unknown`.`film`"
  ],
  "965D5AC955824512": [
    "`unknown`.`film`"
  ],
  "9BB74D074BA0727C": [
    "`unknown`.inventory`"
  ],
  "A0C5E62C724A121A": [
    "`sakila`.`film`"
  ],
  "A314542EEE8571EE": [
    "`unknown`.`customer`"
  ],
  "A3FAB6027484B88B": [
    "`unknown`.`film`"
  ],
  "A4911095C201896F": [
    "`unknown`.`city`",
    "`unknown`.`country`"
  ],
  "A7973BDD268F926E": [
    "`unknown`.`city`"
  ],
  "AF0C1EB58B23D2FA": [
    "`unknown`.`city`",
    "`unknown`.`country`"
  ],
  "AFEEBF10A8D74E32": [
    "`unknown`.`film`"
  ],
  "B0BA5A7079EA16B3": [
    "`unknown`.`film`"
  ],
  "B13E0ACEAF8F3119": [
    "`unknown`.`film`"
  ],
  "B3C502B4AA344196": [
    "`unknown`.`film`"
  ],
  "B48292EDB9D0E010": [
    "`unknown`.`film`"
  ],
  "B862978586C6338B": [
    "`unknown`.`city`",
    "`unknown`.`country`"
  ],
  "B9336971FF3D3792": [
    "`unknown`.`film`"
  ],
  "BA7111449E4F1122": [
    "`unknown`.`film`"
  ],
  "C11ECE7AE5F80CE5": [
    "`hello`.`t`"
  ],
  "C15BDF2C73B5B7ED": [
    "`unknown`.`address`",
    "`unknown`.`city`",
    "`unknown`.`country`"
  ],
  "C315BC4EE0F4E523": [
    "`unknown`.inventory`"
  ],
  "C3FAEDA6AD6D762B": [
    "`unknown`.`film`"
  ],
  "C4A212A42400411D": [
    "`unknown`.`film`"
  ],
  "C95B5C028C8FFF95": [
    "`unknown`.`city`"
  ],
  "CB42080E9F35AB07": [
    "`unknown`.`film`"
  ],
  "DF59FD602E4AA368": [
    "`unknown`.`film`"
  ],
  "DF916439ABD07664": [
    "`unknown`.`film`"
  ],
  "E3DDA1A929236E72": [
    "`unknown`.`city`",
    "`unknown`.`country`"
  ],
  "E48A20D0413512DA": [
    "`unknown`.`city`",
    "`unknown`.`customer_list`"
  ],
  "E75234155B5E2E14": [
    "`unknown`.`film`"
  ],
  "E84CBAAC2E12BDEA": [
    "`unknown`.`film`"
  ],
  "E969B9297DA79BA6": [
    "`unknown`.`film`"
  ],
  "EA50643B01E139A8": [
    "`unknown`.`actor`"
  ],
  "F16FD63381EF8299": [
    "`unknown`.`film`"
  ],
  "F5D30BCAC1E206A1": [
    "`unknown`.`city`",
    "`unknown`.`country`"
  ],
  "F6DBEAA606D800FC": [
    "`unknown`.`film`"
  ],
  "F8314ABD1CBF2FF1": [
    "`unknown`.`city`",
    "`unknown`.`country`"
  ],
  "FCD1ABF36F8CDAD7": [
    "`unknown`.`city`",
    "`unknown`.`country`"
  ],
  "FE409EB794EE91CF": [
    "`unknown`.`film`"
  ]
}
{
  "084DA3E3EE38DD85": [
    "`sakila`.tb`"
  ],
  "08CFE41C7D20AAC8": [
    "`sakila`.`city`",
    "`sakila`.`country`"
  ],
  "0BE2D79E2F1E7CB0": [
    "`sakila`.`film`"
  ],
  "0D0DABACEDFF5765": [
    "`sakila`.`city`",
    "`sakila`.`country`"
  ],
  "105C870D5DFB6710": [
    "`sakila`.`film`"
  ],
  "11EC7AAACC97DC0F": [
    "`sakila`.`city`"
  ],
  "12FF1DAA3D425FA9": [
    "`sakila`.`film`"
  ],
  "16C2B14E7DAA9906": [
    "`sakila`.`film`",
    "`sakila`.`language`"
  ],
  "16CB4628D2597D40": [
    "`sakila`.`city`",
    "`sakila`.`country`"
  ],
  "17D5BCF21DC2364C": [
    "`sakila`.`city`",
    "`sakila`.`country`"
  ],
  "18A2AD1395A58EAE": [
    "`sakila`.`film`"
  ],
  "1A53649C43122975": [
    "`sakila`.`city`",
    "`sakila`.`country`"
  ],
  "1E2CF4145EE706A5": [
    "`sakila`.`film`"
  ],
  "1E56C6CCEA2131CC": [
    "`sakila`.`city`",
    "`sakila`.`country`"
  ],
  "1E8B70E30062FD13": [
    "`sakila`.`address`",
    "`sakila`.`customer`"
  ],
  "1ED2B7ECBA4215E1": [
    "`sakila`.`film`"
  ],
  "23D176AEA2947002": [
    "`sakila`.`film`"
  ],
  "255BAC03F56CDBC7": [
    "`sakila`.address`"
  ],
  "291F95B7DCB74C21": [
    "`sakila`.`tb`"
  ],
  "2BA1217F6C8CF0AB": [
    "`sakila`.`address`"
  ],
  "2EAACFD7030EA528": [
    "`sakila`.`film`"
  ],
  "2F7439623B712317": [
    "`sakila`.`city`"
  ],
  "3656B13CC4F888E2": [
    "`sakila`.`city`",
    "`sakila`.`country`"
  ],
  "3FF20E28EC9CBEF9": [
    "`sakila`.`city`",
    "`sakila`.`country`"
  ],
  "466F1AC2F5851149": [
    "`sakila`.`city`"
  ],
  "47044E1FE1A965A5": [
    "`sakila`.`film`"
  ],
  "485D56FC88BBBDB9": [
    "`sakila`.`city`",
    "`sakila`.`country`"
  ],
  "4A39009B402BAD9B": [
    "`sakila`.`film`"
  ],
  "4E73AA068370E6A8": [
    "`sakila`.`film`"
  ],
  "4ECCA9568BE69E68": [
    "`sakila`.`city`",
    "`sakila`.`country`"
  ],
  "50F2AB4243CE2071": [
    "`sakila`.`address`",
    "`sakila`.`city`"
  ],
  "584CCEC8069B6947": [
    "`sakila`.`city`",
    "`sakila`.`country`"
  ],
  "5C547F08EADBB131": [
    "`sakila`.`city`",
    "`sakila`.`country`"
  ],
  "5CE2F187DBF2A710": [
    "`sakila`.`film`"
  ],
  "60F234BA33AAC132": [
    "`sakila`.`film`"
  ],
  "626571EAE84E2C8A": [
    "`sakila`.`city`",
    "`sakila`.`country`"
  ],
  "68E48001ECD53152": [
    "`sakila`.`film`"
  ],
  "6A0F035BD4E01018": [
    "`sakila`.`film`"
  ],
  "6E9B96CA3F0E6BDA": [
    "`sakila`.`film`"
  ],
  "707FE669669FA075": [
    "`sakila`.`film`"
  ],
  "73DDF6E6D9E40384": [
    "`sakila`.`film`"
  ],
  "7598A4EDE6CFA6BE": [
    "`sakila`.`city`",
    "`sakila`.`country`"
  ],
  "7F02E23D44A38A6D": [
    "`sakila`.`city`",
    "`sakila`.`country`"
  ],
  "863A85207E4F410D": [
    "`sakila`.`film`"
  ],
  "868317D1973FD1B0": [
    "`sakila`.`film`"
  ],
  "8A106444D14B9880": [
    "`sakila`.`film`"
  ],
  "965D5AC955824512": [
    "`sakila`.`film`"
  ],
  "9BB74D074BA0727C": [
    "`sakila`.inventory`"
  ],
  "A0C5E62C724A121A": [
    "`sakila`.`film`"
  ],
  "A314542EEE8571EE": [
    "`sakila`.`customer`"
  ],
  "A3FAB6027484B88B": [
    "`sakila`.`film`"
  ],
  "A4911095C201896F": [
    "`sakila`.`city`",
    "`sakila`.`country`"
  ],
  "A7973BDD268F926E": [
    "`sakila`.`city`"
  ],
  "AF0C1EB58B23D2FA": [
    "`sakila`.`city`",
    "`sakila`.`country`"
  ],
  "AFEEBF10A8D74E32": [
    "`sakila`.`film`"
  ],
  "B0BA5A7079EA16B3": [
    "`sakila`.`film`"
  ],
  "B13E0ACEAF8F3119": [
    "`sakila`.`film`"
  ],
  "B3C502B4AA344196": [
    "`sakila`.`film`"
  ],
  "B48292EDB9D0E010": [
    "`sakila`.`film`"
  ],
  "B862978586C6338B": [
    "`sakila`.`city`",
    "`sakila`.`country`"
  ],
  "B9336971FF3D3792": [
    "`sakila`.`film`"
  ],
  "BA7111449E4F1122": [
    "`sakila`.`film`"
  ],
  "C11ECE7AE5F80CE5": [
    "`hello`.`t`"
  ],
  "C15BDF2C73B5B7ED": [
    "`sakila`.`address`",
    "`sakila`.`city`",
    "`sakila`.`country`"
  ],
  "C315BC4EE0F4E523": [
    "`sakila`.inventory`"
  ],
  "C3FAEDA6AD6D762B": [
    "`sakila`.`film`"
  ],
  "C4A212A42400411D": [
    "`sakila`.`film`"
  ],
  "C95B5C028C8FFF95": [
    "`sakila`.`city`"
  ],
  "CB42080E9F35AB07": [
    "`sakila`.`film`"
  ],
  "DF59FD602E4AA368": [
    "`sakila`.`film`"
  ],
  "DF916439ABD07664": [
    "`sakila`.`film`"
  ],
  "E3DDA1A929236E72": [
    "`sakila`.`city`",
    "`sakila`.`country`"
  ],
  "E48A20D0413512DA": [
    "`sakila`.`city`",
    "`sakila`.`customer_list`"
  ],
  "E75234155B5E2E14": [
    "`sakila`.`film`"
  ],
  "E84CBAAC2E12BDEA": [
    "`sakila`.`film`"
  ],
  "E969B9297DA79BA6": [
    "`sakila`.`film`"
  ],
  "EA50643B01E139A8": [
    "`sakila`.`actor`"
  ],
  "F16FD63381EF8299": [
    "`sakila`.`film`"
  ],
  "F5D30BCAC1E206A1": [
    "`sakila`.`city`",
    "`sakila`.`country`"
  ],
  "F6DBEAA606D800FC": [
    "`sakila`.`film`"
  ],
  "F8314ABD1CBF2FF1": [
    "`sakila`.`city`",
    "`sakila`.`country`"
  ],
  "FCD1ABF36F8CDAD7": [
    "`sakila`.`city`",
    "`sakila`.`country`"
  ],
  "FE409EB794EE91CF": [
    "`sakila`.`film`"
  ]
}
