SELECT * FROM film WHERE LENGTH = 86;
SELECT * FROM film WHERE LENGTH IS NULL;
SELECT * FROM film HAVING title = 'abc';
SELECT * FROM sakila. film WHERE LENGTH >= 60;
SELECT * FROM sakila. film WHERE LENGTH >= '60';
SELECT * FROM film WHERE LENGTH BETWEEN 60 AND 84;
SELECT * FROM film WHERE title LIKE 'AIR%';
SELECT * FROM film WHERE title IS NOT NULL;
SELECT * FROM film WHERE LENGTH = 114 AND title = 'ALABAMA DEVIL';
SELECT * FROM film WHERE LENGTH > 100 AND title = 'ALABAMA DEVIL';
SELECT * FROM film WHERE LENGTH > 100 AND language_id < 10 AND title = 'xyz';
SELECT * FROM film WHERE LENGTH > 100 AND language_id < 10;
SELECT release_year, SUM( LENGTH) FROM film WHERE LENGTH = 123 AND language_id = 1 GROUP BY release_year;
SELECT release_year, SUM( LENGTH) FROM film WHERE LENGTH >= 123 GROUP BY release_year;
SELECT release_year, language_id, SUM( LENGTH) FROM film GROUP BY release_year, language_id;
SELECT release_year, SUM( LENGTH) FROM film WHERE LENGTH = 123 GROUP BY release_year, (LENGTH+ language_id);
SELECT release_year, SUM( film_id) FROM film GROUP BY release_year;
SELECT * FROM address GROUP BY address, district;
SELECT title FROM film WHERE ABS( language_id) = 3 GROUP BY title;
SELECT language_id FROM film WHERE LENGTH = 123 GROUP BY release_year ORDER BY language_id;
SELECT release_year FROM film WHERE LENGTH = 123 GROUP BY release_year ORDER BY release_year;
SELECT * FROM film WHERE LENGTH = 123 ORDER BY release_year ASC, language_id DESC;
SELECT release_year FROM film WHERE LENGTH = 123 GROUP BY release_year ORDER BY release_year LIMIT 10;
SELECT * FROM film WHERE LENGTH = 123 ORDER BY release_year LIMIT 10;
SELECT * FROM film ORDER BY release_year LIMIT 10;
SELECT film_id FROM film ORDER BY release_year LIMIT 10;
SELECT * FROM film WHERE LENGTH > 100 ORDER BY LENGTH LIMIT 10;
SELECT * FROM film WHERE LENGTH < 100 ORDER BY LENGTH LIMIT 10;
SELECT * FROM customer WHERE address_id in (224, 510) ORDER BY last_name;
SELECT * FROM film WHERE release_year = 2016 AND LENGTH != 1 ORDER BY title;
SELECT title FROM film WHERE release_year = 1995;
SELECT title, replacement_cost FROM film WHERE language_id = 5 AND LENGTH = 70;
SELECT title FROM film WHERE language_id > 5 AND LENGTH > 70;
SELECT * FROM film WHERE LENGTH = 100 AND title = 'xyz' ORDER BY release_year;
SELECT * FROM film WHERE LENGTH > 100 AND title = 'xyz' ORDER BY release_year;
SELECT * FROM film WHERE LENGTH > 100 ORDER BY release_year;
SELECT * FROM city a INNER JOIN country b ON a. country_id= b. country_id;
SELECT * FROM city a LEFT JOIN country b ON a. country_id= b. country_id;
SELECT * FROM city a RIGHT JOIN country b ON a. country_id= b. country_id;
SELECT * FROM city a LEFT JOIN country b ON a. country_id= b. country_id WHERE b. last_update IS NULL;
SELECT * FROM city a RIGHT JOIN country b ON a. country_id= b. country_id WHERE a. last_update IS NULL;
SELECT * FROM city a LEFT JOIN country b ON a. country_id= b. country_id UNION SELECT * FROM city a RIGHT JOIN country b ON a. country_id= b. country_id;
SELECT * FROM city a RIGHT JOIN country b ON a. country_id= b. country_id WHERE a. last_update IS NULL UNION SELECT * FROM city a LEFT JOIN country b ON a. country_id= b. country_id WHERE b. last_update IS NULL;
SELECT country_id, last_update FROM city NATURAL JOIN country;
SELECT country_id, last_update FROM city NATURAL LEFT JOIN country;
SELECT country_id, last_update FROM city NATURAL RIGHT JOIN country;
SELECT a. country_id, a. last_update FROM city a STRAIGHT_JOIN country b ON a. country_id= b. country_id;
SELECT a. address, a. postal_code FROM sakila. address a WHERE a. city_id IN ( SELECT c. city_id FROM sakila. city c);
SELECT city FROM( SELECT city_id FROM city WHERE city = "A Corua (La Corua)" ORDER BY last_update DESC LIMIT 50, 10) I JOIN city ON (I. city_id = city. city_id) JOIN country ON (country. country_id = city. country_id) ORDER BY city DESC;
DELETE city, country FROM city INNER JOIN country using (country_id) WHERE city. city_id = 1;
DELETE city FROM city LEFT JOIN country ON city. country_id = country. country_id WHERE country. country IS NULL;
DELETE a1, a2 FROM city AS a1 INNER JOIN country AS a2 WHERE a1. country_id= a2. country_id;
DELETE FROM a1, a2 USING city AS a1 INNER JOIN country AS a2 WHERE a1. country_id= a2. country_id;
DELETE FROM film WHERE LENGTH > 100;
UPDATE city INNER JOIN country USING( country_id) SET city. city = 'Abha', city. last_update = '2006-02-15 04:45:25', country. country = 'Afghanistan' WHERE city. city_id= 10;
UPDATE city INNER JOIN country ON city. country_id = country. country_id INNER JOIN address ON city. city_id = address. city_id SET city. city = 'Abha', city. last_update = '2006-02-15 04:45:25', country. country = 'Afghanistan' WHERE city. city_id= 10;
UPDATE city, country SET city. city = 'Abha', city. last_update = '2006-02-15 04:45:25', country. country = 'Afghanistan' WHERE city. country_id = country. country_id AND city. city_id= 10;
UPDATE film SET LENGTH = 10 WHERE language_id = 20;
INSERT INTO city (country_id) SELECT country_id FROM country;
INSERT INTO city (country_id) VALUES (1), (2), (3);
INSERT INTO city (country_id) VALUES (10);
INSERT INTO city (country_id) SELECT 10 FROM DUAL;
REPLACE INTO city (country_id) SELECT country_id FROM country;
REPLACE INTO city (country_id) VALUES (1), (2), (3);
REPLACE INTO city (country_id) VALUES (10);
REPLACE INTO city (country_id) SELECT 10 FROM DUAL;
SELECT film_id FROM ( SELECT film_id FROM ( SELECT film_id FROM ( SELECT film_id FROM ( SELECT film_id FROM ( SELECT film_id FROM ( SELECT film_id FROM ( SELECT film_id FROM ( SELECT film_id FROM ( SELECT film_id FROM ( SELECT film_id FROM ( SELECT film_id FROM ( SELECT film_id FROM ( SELECT film_id FROM ( SELECT film_id FROM ( SELECT film_id FROM ( SELECT film_id FROM film ) film ) film ) film ) film ) film ) film ) film ) film ) film ) film ) film ) film ) film ) film ) film ) film;
SELECT * FROM film WHERE language_id = ( SELECT language_id FROM language LIMIT 1);
SELECT * FROM city i LEFT JOIN country o ON i. city_id= o. country_id UNION SELECT * FROM city i RIGHT JOIN country o ON i. city_id= o. country_id;
SELECT * FROM ( SELECT * FROM actor WHERE last_update= '2006-02-15 04:34:33' AND last_name= 'CHASE' ) t WHERE last_update= '2006-02-15 04:34:33' AND last_name= 'CHASE' GROUP BY first_name;
SELECT * FROM city i LEFT JOIN country o ON i. city_id= o. country_id UNION SELECT * FROM city i RIGHT JOIN country o ON i. city_id= o. country_id;
SELECT * FROM city i LEFT JOIN country o ON i. city_id= o. country_id WHERE o. country_id is null UNION SELECT * FROM city i RIGHT JOIN country o ON i. city_id= o. country_id WHERE i. city_id is null;
SELECT first_name, last_name, email FROM customer STRAIGHT_JOIN address ON customer. address_id= address. address_id;
SELECT ID, name FROM ( SELECT address FROM customer_list WHERE SID= 1 ORDER BY phone LIMIT 50, 10) a JOIN customer_list l ON (a. address= l. address) JOIN city c ON (c. city= l. city) ORDER BY phone desc;
SELECT * FROM film WHERE DATE( last_update) = '2006-02-15';
SELECT last_update FROM film GROUP BY DATE( last_update);
SELECT last_update FROM film ORDER BY DATE( last_update);
SELECT description FROM film WHERE description IN( 'NEWS', 'asd' ) GROUP BY description;
ALTER TABLE address ADD index idx_city_id( city_id);
ALTER TABLE inventory ADD index `idx_store_film` ( `store_id`, `film_id`);
ALTER TABLE inventory ADD index `idx_store_film` ( `store_id`, `film_id`), ADD index `idx_store_film` ( `store_id`, `film_id`), ADD index `idx_store_film` ( `store_id`, `film_id`);
SELECT DATE_FORMAT( t. last_update, '%Y-%m-%d' ), COUNT( DISTINCT ( t. city)) FROM city t WHERE t. last_update > '2018-10-22 00:00:00' AND t. city LIKE '%Chrome%' AND t. city = 'eip' GROUP BY DATE_FORMAT( t. last_update, '%Y-%m-%d' ) ORDER BY DATE_FORMAT( t. last_update, '%Y-%m-%d' );
create table hello. t (id int unsigned);
SELECT * FROM tb WHERE data >= '';
ALTER TABLE tb alter column id DROP DEFAULT;
SELECT maxId, minId FROM ( SELECT MAX( film_id) maxId, MIN( film_id) minId FROM film WHERE last_update > '2016-03-27 02:01:01' ) as d;
SELECT maxId, minId FROM ( SELECT MAX( film_id) maxId, MIN( film_id) minId FROM film) as d;
