[{
			"Collate":{
				"Collate":{
					"key":"value"
				}
			}
		} {
				"Collate":{
					"key":"value"
				}
			} {
					"key":"value"
				}]
[McLaughlin Hunter Harold]
[{
      "title": "Sample Konfabulator Widget",
      "name": "main_window",
      "width": 500,
      "height": 500
    }]
[    binary    binary  utf8mb4_bin  ]
