[]database.ReferenceValue{
    {ReferencedTableSchema:"sakila", ReferencedTableName:"language", TableSchema:"sakila", TableName:"film", ConstraintName:"fk_film_language"},
    {ReferencedTableSchema:"sakila", ReferencedTableName:"language", TableSchema:"sakila", TableName:"film", ConstraintName:"fk_film_language_original"},
}
