&database.TableIndexInfo{
    TableName: "film",
    Rows:      {
        {
            Table:        "film",
            NonUnique:    0,
            KeyName:      "PRIMARY",
            SeqInIndex:   1,
            ColumnName:   "film_id",
            Collation:    "A",
            Cardinality:  1000,
            SubPart:      0,
            Packed:       0,
            Null:         "",
            IndexType:    "",
            Comment:      "",
            IndexComment: "",
            Visible:      "",
            Expression:   nil,
        },
        {
            Table:        "film",
            NonUnique:    1,
            KeyName:      "idx_title",
            SeqInIndex:   1,
            ColumnName:   "title",
            Collation:    "A",
            Cardinality:  1000,
            SubPart:      0,
            Packed:       0,
            Null:         "",
            IndexType:    "",
            Comment:      "",
            IndexComment: "",
            Visible:      "",
            Expression:   nil,
        },
        {
            Table:        "film",
            NonUnique:    1,
            KeyName:      "idx_fk_language_id",
            SeqInIndex:   1,
            ColumnName:   "language_id",
            Collation:    "A",
            Cardinality:  1,
            SubPart:      0,
            Packed:       0,
            Null:         "",
            IndexType:    "",
            Comment:      "",
            IndexComment: "",
            Visible:      "",
            Expression:   nil,
        },
        {
            Table:        "film",
            NonUnique:    1,
            KeyName:      "idx_fk_original_language_id",
            SeqInIndex:   1,
            ColumnName:   "original_language_id",
            Collation:    "A",
            Cardinality:  1,
            SubPart:      0,
            Packed:       0,
            Null:         "",
            IndexType:    "",
            Comment:      "",
            IndexComment: "",
            Visible:      "",
            Expression:   nil,
        },
    },
}
[]database.TableIndexRow{
    {
        Table:        "film",
        NonUnique:    1,
        KeyName:      "idx_title",
        SeqInIndex:   1,
        ColumnName:   "title",
        Collation:    "A",
        Cardinality:  1000,
        SubPart:      0,
        Packed:       0,
        Null:         "",
        IndexType:    "",
        Comment:      "",
        IndexComment: "",
        Visible:      "",
        Expression:   nil,
    },
}
