&database.TableDesc{
    Name:       "film",
    DescValues: {
        {
            Field:      "film_id",
            Type:       "smallint(5) unsigned",
            Collation:  nil,
            Null:       "NO",
            Key:        "PRI",
            Default:    nil,
            Extra:      "auto_increment",
            Privileges: "select,insert,update,references",
            Comment:    "",
        },
        {
            Field:      "title",
            Type:       "varchar(255)",
            Collation:  {0x75, 0x74, 0x66, 0x38, 0x5f, 0x67, 0x65, 0x6e, 0x65, 0x72, 0x61, 0x6c, 0x5f, 0x63, 0x69},
            Null:       "NO",
            Key:        "MUL",
            Default:    nil,
            Extra:      "",
            Privileges: "select,insert,update,references",
            Comment:    "",
        },
        {
            Field:      "description",
            Type:       "text",
            Collation:  {0x75, 0x74, 0x66, 0x38, 0x5f, 0x67, 0x65, 0x6e, 0x65, 0x72, 0x61, 0x6c, 0x5f, 0x63, 0x69},
            Null:       "YES",
            Key:        "",
            Default:    nil,
            Extra:      "",
            Privileges: "select,insert,update,references",
            Comment:    "",
        },
        {
            Field:      "release_year",
            Type:       "year(4)",
            Collation:  nil,
            Null:       "YES",
            Key:        "",
            Default:    nil,
            Extra:      "",
            Privileges: "select,insert,update,references",
            Comment:    "",
        },
        {
            Field:      "language_id",
            Type:       "tinyint(3) unsigned",
            Collation:  nil,
            Null:       "NO",
            Key:        "MUL",
            Default:    nil,
            Extra:      "",
            Privileges: "select,insert,update,references",
            Comment:    "",
        },
        {
            Field:      "original_language_id",
            Type:       "tinyint(3) unsigned",
            Collation:  nil,
            Null:       "YES",
            Key:        "MUL",
            Default:    nil,
            Extra:      "",
            Privileges: "select,insert,update,references",
            Comment:    "",
        },
        {
            Field:      "rental_duration",
            Type:       "tinyint(3) unsigned",
            Collation:  nil,
            Null:       "NO",
            Key:        "",
            Default:    {0x33},
            Extra:      "",
            Privileges: "select,insert,update,references",
            Comment:    "",
        },
        {
            Field:      "rental_rate",
            Type:       "decimal(4,2)",
            Collation:  nil,
            Null:       "NO",
            Key:        "",
            Default:    {0x34, 0x2e, 0x39, 0x39},
            Extra:      "",
            Privileges: "select,insert,update,references",
            Comment:    "",
        },
        {
            Field:      "length",
            Type:       "smallint(5) unsigned",
            Collation:  nil,
            Null:       "YES",
            Key:        "",
            Default:    nil,
            Extra:      "",
            Privileges: "select,insert,update,references",
            Comment:    "",
        },
        {
            Field:      "replacement_cost",
            Type:       "decimal(5,2)",
            Collation:  nil,
            Null:       "NO",
            Key:        "",
            Default:    {0x31, 0x39, 0x2e, 0x39, 0x39},
            Extra:      "",
            Privileges: "select,insert,update,references",
            Comment:    "",
        },
        {
            Field:      "rating",
            Type:       "enum('G','PG','PG-13','R','NC-17')",
            Collation:  {0x75, 0x74, 0x66, 0x38, 0x5f, 0x67, 0x65, 0x6e, 0x65, 0x72, 0x61, 0x6c, 0x5f, 0x63, 0x69},
            Null:       "YES",
            Key:        "",
            Default:    {0x47},
            Extra:      "",
            Privileges: "select,insert,update,references",
            Comment:    "",
        },
        {
            Field:      "special_features",
            Type:       "set('Trailers','Commentaries','Deleted Scenes','Behind the Scenes')",
            Collation:  {0x75, 0x74, 0x66, 0x38, 0x5f, 0x67, 0x65, 0x6e, 0x65, 0x72, 0x61, 0x6c, 0x5f, 0x63, 0x69},
            Null:       "YES",
            Key:        "",
            Default:    nil,
            Extra:      "",
            Privileges: "select,insert,update,references",
            Comment:    "",
        },
        {
            Field:      "last_update",
            Type:       "timestamp",
            Collation:  nil,
            Null:       "NO",
            Key:        "",
            Default:    {0x43, 0x55, 0x52, 0x52, 0x45, 0x4e, 0x54, 0x5f, 0x54, 0x49, 0x4d, 0x45, 0x53, 0x54, 0x41, 0x4d, 0x50},
            Extra:      "on update CURRENT_TIMESTAMP",
            Privileges: "select,insert,update,references",
            Comment:    "",
        },
    },
}
